// Jest Snapshot v1, https://goo.gl/fbAQLP

exports[`Pruebas en <TodoAdd /> Debe de mostrarse correctamente 1`] = `
<Fragment>
  <h3>
    Agregar
  </h3>
  <form
    onSubmit={[Function]}
  >
    <input
      autoComplete="off"
      className="form-control"
      name="desc"
      onChange={[Function]}
      placeholder="Agregar..."
      type="text"
      value=""
    />
    <button
      className="btn btn-block btn-primary"
      type="submit"
    >
      AGREGAR
    </button>
  </form>
</Fragment>
`;
