// Jest Snapshot v1, https://goo.gl/fbAQLP

exports[`Pruebas en <RealExampleRef /> Debe de mostrarse correctamente 1`] = `
<div
  className="container"
>
  <h1>
    Real Example Ref
  </h1>
  <button
    className="btn btn-secondary btn-block mt-5"
    onClick={[Function]}
  >
    Show / Hidden
  </button>
</div>
`;
